2022-07-17T23:24:40.4820422Z Requested labels: ubuntu-latest
2022-07-17T23:24:40.4820464Z Job defined at: Edouard-chin/github_diff_parser/.github/workflows/ruby.yml@refs/heads/ec-boom
2022-07-17T23:24:40.4820487Z Waiting for a runner to pick up this job...
2022-07-17T23:24:41.4661981Z Job is waiting for a hosted runner to come online.
2022-07-17T23:24:45.1584936Z Job is about to start running on the hosted runner: Hosted Agent (hosted)
2022-07-17T23:24:47.1412318Z Current runner version: '2.294.0'
2022-07-17T23:24:47.1442649Z ##[group]Operating System
2022-07-17T23:24:47.1443207Z Ubuntu
2022-07-17T23:24:47.1443503Z 20.04.4
2022-07-17T23:24:47.1443738Z LTS
2022-07-17T23:24:47.1444132Z ##[endgroup]
2022-07-17T23:24:47.1444471Z ##[group]Virtual Environment
2022-07-17T23:24:47.1444831Z Environment: ubuntu-20.04
2022-07-17T23:24:47.1445179Z Version: 20220710.1
2022-07-17T23:24:47.1446030Z Included Software: https://github.com/actions/virtual-environments/blob/ubuntu20/20220710.1/images/linux/Ubuntu2004-Readme.md
2022-07-17T23:24:47.1446673Z Image Release: https://github.com/actions/virtual-environments/releases/tag/ubuntu20%2F20220710.1
2022-07-17T23:24:47.1447163Z ##[endgroup]
2022-07-17T23:24:47.1447543Z ##[group]Virtual Environment Provisioner
2022-07-17T23:24:47.1447922Z 1.0.0.0-main-20220701-2
2022-07-17T23:24:47.1448224Z ##[endgroup]
2022-07-17T23:24:47.1448904Z ##[group]GITHUB_TOKEN Permissions
2022-07-17T23:24:47.1449447Z Contents: read
2022-07-17T23:24:47.1449895Z Metadata: read
2022-07-17T23:24:47.1450353Z ##[endgroup]
2022-07-17T23:24:47.1453868Z Secret source: Actions
2022-07-17T23:24:47.1454381Z Prepare workflow directory
2022-07-17T23:24:47.2277883Z Prepare all required actions
2022-07-17T23:24:47.2463411Z Getting action download info
2022-07-17T23:24:47.4489060Z Download action repository 'actions/checkout@v3' (SHA:2541b1294d2704b0964813337f33b291d3f8596b)
2022-07-17T23:24:47.7577122Z Download action repository 'ruby/setup-ruby@473e4d8fe5dd94ee328fdfca9f8c9c7afc9dae5e' (SHA:473e4d8fe5dd94ee328fdfca9f8c9c7afc9dae5e)
2022-07-17T23:24:48.1455081Z ##[group]Run actions/checkout@v3
2022-07-17T23:24:48.1455401Z with:
2022-07-17T23:24:48.1455645Z   repository: Edouard-chin/github_diff_parser
2022-07-17T23:24:48.1456135Z   token: ***
2022-07-17T23:24:48.1456345Z   ssh-strict: true
2022-07-17T23:24:48.1456580Z   persist-credentials: true
2022-07-17T23:24:48.1456795Z   clean: true
2022-07-17T23:24:48.1456995Z   fetch-depth: 1
2022-07-17T23:24:48.1457196Z   lfs: false
2022-07-17T23:24:48.1457419Z   submodules: false
2022-07-17T23:24:48.1457646Z   set-safe-directory: true
2022-07-17T23:24:48.1457877Z ##[endgroup]
2022-07-17T23:24:48.4238032Z Syncing repository: Edouard-chin/github_diff_parser
2022-07-17T23:24:48.4239825Z ##[group]Getting Git version info
2022-07-17T23:24:48.4240413Z Working directory is '/home/runner/work/github_diff_parser/github_diff_parser'
2022-07-17T23:24:48.4240971Z [command]/usr/bin/git version
2022-07-17T23:24:48.4367654Z git version 2.37.0
2022-07-17T23:24:48.4368925Z ##[endgroup]
2022-07-17T23:24:48.4387637Z Temporarily overriding HOME='/home/runner/work/_temp/1b45f479-7cd1-4ef8-a3ee-666695e58f6b' before making global git config changes
2022-07-17T23:24:48.4388196Z Adding repository directory to the temporary git global config as a safe directory
2022-07-17T23:24:48.4388814Z [command]/usr/bin/git config --global --add safe.directory /home/runner/work/github_diff_parser/github_diff_parser
2022-07-17T23:24:48.4433241Z Deleting the contents of '/home/runner/work/github_diff_parser/github_diff_parser'
2022-07-17T23:24:48.4437272Z ##[group]Initializing the repository
2022-07-17T23:24:48.4440991Z [command]/usr/bin/git init /home/runner/work/github_diff_parser/github_diff_parser
2022-07-17T23:24:48.4505461Z hint: Using 'master' as the name for the initial branch. This default branch name
2022-07-17T23:24:48.4506566Z hint: is subject to change. To configure the initial branch name to use in all
2022-07-17T23:24:48.4507023Z hint: of your new repositories, which will suppress this warning, call:
2022-07-17T23:24:48.4507317Z hint:
2022-07-17T23:24:48.4507765Z hint: 	git config --global init.defaultBranch <name>
2022-07-17T23:24:48.4508046Z hint:
2022-07-17T23:24:48.4508464Z hint: Names commonly chosen instead of 'master' are 'main', 'trunk' and
2022-07-17T23:24:48.4508921Z hint: 'development'. The just-created branch can be renamed via this command:
2022-07-17T23:24:48.4509199Z hint:
2022-07-17T23:24:48.4509456Z hint: 	git branch -m <name>
2022-07-17T23:24:48.4516539Z Initialized empty Git repository in /home/runner/work/github_diff_parser/github_diff_parser/.git/
2022-07-17T23:24:48.4527002Z [command]/usr/bin/git remote add origin https://github.com/Edouard-chin/github_diff_parser
2022-07-17T23:24:48.4571680Z ##[endgroup]
2022-07-17T23:24:48.4572587Z ##[group]Disabling automatic garbage collection
2022-07-17T23:24:48.4576385Z [command]/usr/bin/git config --local gc.auto 0
2022-07-17T23:24:48.4608907Z ##[endgroup]
2022-07-17T23:24:48.4609555Z ##[group]Setting up auth
2022-07-17T23:24:48.4616382Z [command]/usr/bin/git config --local --name-only --get-regexp core\.sshCommand
2022-07-17T23:24:48.4652479Z [command]/usr/bin/git submodule foreach --recursive git config --local --name-only --get-regexp 'core\.sshCommand' && git config --local --unset-all 'core.sshCommand' || :
2022-07-17T23:24:48.4989537Z [command]/usr/bin/git config --local --name-only --get-regexp http\.https\:\/\/github\.com\/\.extraheader
2022-07-17T23:24:48.5013360Z [command]/usr/bin/git submodule foreach --recursive git config --local --name-only --get-regexp 'http\.https\:\/\/github\.com\/\.extraheader' && git config --local --unset-all 'http.https://github.com/.extraheader' || :
2022-07-17T23:24:48.5233722Z [command]/usr/bin/git config --local http.https://github.com/.extraheader AUTHORIZATION: basic ***
2022-07-17T23:24:48.5274993Z ##[endgroup]
2022-07-17T23:24:48.5275648Z ##[group]Fetching the repository
2022-07-17T23:24:48.5283896Z [command]/usr/bin/git -c protocol.version=2 fetch --no-tags --prune --progress --no-recurse-submodules --depth=1 origin +43de773efe178ed32aab19c56d3014021fed2b28:refs/remotes/origin/ec-boom
2022-07-17T23:24:48.6997702Z remote: Enumerating objects: 56, done.
2022-07-17T23:24:48.6998494Z remote: Counting objects:   1% (1/56)
2022-07-17T23:24:48.6998926Z remote: Counting objects:   3% (2/56)
2022-07-17T23:24:48.6999355Z remote: Counting objects:   5% (3/56)
2022-07-17T23:24:48.6999784Z remote: Counting objects:   7% (4/56)
2022-07-17T23:24:48.7000236Z remote: Counting objects:   8% (5/56)
2022-07-17T23:24:48.7000659Z remote: Counting objects:  10% (6/56)
2022-07-17T23:24:48.7001163Z remote: Counting objects:  12% (7/56)
2022-07-17T23:24:48.7001582Z remote: Counting objects:  14% (8/56)
2022-07-17T23:24:48.7001976Z remote: Counting objects:  16% (9/56)
2022-07-17T23:24:48.7002391Z remote: Counting objects:  17% (10/56)
2022-07-17T23:24:48.7002803Z remote: Counting objects:  19% (11/56)
2022-07-17T23:24:48.7003243Z remote: Counting objects:  21% (12/56)
2022-07-17T23:24:48.7003644Z remote: Counting objects:  23% (13/56)
2022-07-17T23:24:48.7004049Z remote: Counting objects:  25% (14/56)
2022-07-17T23:24:48.7004455Z remote: Counting objects:  26% (15/56)
2022-07-17T23:24:48.7004865Z remote: Counting objects:  28% (16/56)
2022-07-17T23:24:48.7005281Z remote: Counting objects:  30% (17/56)
2022-07-17T23:24:48.7005869Z remote: Counting objects:  32% (18/56)
2022-07-17T23:24:48.7006286Z remote: Counting objects:  33% (19/56)
2022-07-17T23:24:48.7006685Z remote: Counting objects:  35% (20/56)
2022-07-17T23:24:48.7007092Z remote: Counting objects:  37% (21/56)
2022-07-17T23:24:48.7007490Z remote: Counting objects:  39% (22/56)
2022-07-17T23:24:48.7007963Z remote: Counting objects:  41% (23/56)
2022-07-17T23:24:48.7008309Z remote: Counting objects:  42% (24/56)
2022-07-17T23:24:48.7008658Z remote: Counting objects:  44% (25/56)
2022-07-17T23:24:48.7009018Z remote: Counting objects:  46% (26/56)
2022-07-17T23:24:48.7009519Z remote: Counting objects:  48% (27/56)
2022-07-17T23:24:48.7009865Z remote: Counting objects:  50% (28/56)
2022-07-17T23:24:48.7010218Z remote: Counting objects:  51% (29/56)
2022-07-17T23:24:48.7010570Z remote: Counting objects:  53% (30/56)
2022-07-17T23:24:48.7010914Z remote: Counting objects:  55% (31/56)
2022-07-17T23:24:48.7011630Z remote: Counting objects:  57% (32/56)
2022-07-17T23:24:48.7012093Z remote: Counting objects:  58% (33/56)
2022-07-17T23:24:48.7012455Z remote: Counting objects:  60% (34/56)
2022-07-17T23:24:48.7012789Z remote: Counting objects:  62% (35/56)
2022-07-17T23:24:48.7013144Z remote: Counting objects:  64% (36/56)
2022-07-17T23:24:48.7013503Z remote: Counting objects:  66% (37/56)
2022-07-17T23:24:48.7013854Z remote: Counting objects:  67% (38/56)
2022-07-17T23:24:48.7014195Z remote: Counting objects:  69% (39/56)
2022-07-17T23:24:48.7014606Z remote: Counting objects:  71% (40/56)
2022-07-17T23:24:48.7014957Z remote: Counting objects:  73% (41/56)
2022-07-17T23:24:48.7015294Z remote: Counting objects:  75% (42/56)
2022-07-17T23:24:48.7015654Z remote: Counting objects:  76% (43/56)
2022-07-17T23:24:48.7016001Z remote: Counting objects:  78% (44/56)
2022-07-17T23:24:48.7016354Z remote: Counting objects:  80% (45/56)
2022-07-17T23:24:48.7016693Z remote: Counting objects:  82% (46/56)
2022-07-17T23:24:48.7017043Z remote: Counting objects:  83% (47/56)
2022-07-17T23:24:48.7017613Z remote: Counting objects:  85% (48/56)
2022-07-17T23:24:48.7019568Z remote: Counting objects:  87% (49/56)
2022-07-17T23:24:48.7019835Z remote: Counting objects:  89% (50/56)
2022-07-17T23:24:48.7020104Z remote: Counting objects:  91% (51/56)
2022-07-17T23:24:48.7020367Z remote: Counting objects:  92% (52/56)
2022-07-17T23:24:48.7020774Z remote: Counting objects:  94% (53/56)
2022-07-17T23:24:48.7021047Z remote: Counting objects:  96% (54/56)
2022-07-17T23:24:48.7021316Z remote: Counting objects:  98% (55/56)
2022-07-17T23:24:48.7021580Z remote: Counting objects: 100% (56/56)
2022-07-17T23:24:48.7021849Z remote: Counting objects: 100% (56/56), done.
2022-07-17T23:24:48.7022152Z remote: Compressing objects:   2% (1/50)
2022-07-17T23:24:48.7022449Z remote: Compressing objects:   4% (2/50)
2022-07-17T23:24:48.7022721Z remote: Compressing objects:   6% (3/50)
2022-07-17T23:24:48.7023051Z remote: Compressing objects:   8% (4/50)
2022-07-17T23:24:48.7023331Z remote: Compressing objects:  10% (5/50)
2022-07-17T23:24:48.7023595Z remote: Compressing objects:  12% (6/50)
2022-07-17T23:24:48.7023871Z remote: Compressing objects:  14% (7/50)
2022-07-17T23:24:48.7024209Z remote: Compressing objects:  16% (8/50)
2022-07-17T23:24:48.7024487Z remote: Compressing objects:  18% (9/50)
2022-07-17T23:24:48.7024759Z remote: Compressing objects:  20% (10/50)
2022-07-17T23:24:48.7025048Z remote: Compressing objects:  22% (11/50)
2022-07-17T23:24:48.7025338Z remote: Compressing objects:  24% (12/50)
2022-07-17T23:24:48.7025624Z remote: Compressing objects:  26% (13/50)
2022-07-17T23:24:48.7025886Z remote: Compressing objects:  28% (14/50)
2022-07-17T23:24:48.7026171Z remote: Compressing objects:  30% (15/50)
2022-07-17T23:24:48.7026446Z remote: Compressing objects:  32% (16/50)
2022-07-17T23:24:48.7026710Z remote: Compressing objects:  34% (17/50)
2022-07-17T23:24:48.7026986Z remote: Compressing objects:  36% (18/50)
2022-07-17T23:24:48.7027258Z remote: Compressing objects:  38% (19/50)
2022-07-17T23:24:48.7027518Z remote: Compressing objects:  40% (20/50)
2022-07-17T23:24:48.7027794Z remote: Compressing objects:  42% (21/50)
2022-07-17T23:24:48.7028074Z remote: Compressing objects:  44% (22/50)
2022-07-17T23:24:48.7028350Z remote: Compressing objects:  46% (23/50)
2022-07-17T23:24:48.7028614Z remote: Compressing objects:  48% (24/50)
2022-07-17T23:24:48.7028885Z remote: Compressing objects:  50% (25/50)
2022-07-17T23:24:48.7029157Z remote: Compressing objects:  52% (26/50)
2022-07-17T23:24:48.7029420Z remote: Compressing objects:  54% (27/50)
2022-07-17T23:24:48.7029775Z remote: Compressing objects:  56% (28/50)
2022-07-17T23:24:48.7030050Z remote: Compressing objects:  58% (29/50)
2022-07-17T23:24:48.7030314Z remote: Compressing objects:  60% (30/50)
2022-07-17T23:24:48.7030588Z remote: Compressing objects:  62% (31/50)
2022-07-17T23:24:48.7030862Z remote: Compressing objects:  64% (32/50)
2022-07-17T23:24:48.7031123Z remote: Compressing objects:  66% (33/50)
2022-07-17T23:24:48.7031405Z remote: Compressing objects:  68% (34/50)
2022-07-17T23:24:48.7032025Z remote: Compressing objects:  70% (35/50)
2022-07-17T23:24:48.7032638Z remote: Compressing objects:  72% (36/50)
2022-07-17T23:24:48.7032901Z remote: Compressing objects:  74% (37/50)
2022-07-17T23:24:48.7033171Z remote: Compressing objects:  76% (38/50)
2022-07-17T23:24:48.7034035Z remote: Compressing objects:  78% (39/50)
2022-07-17T23:24:48.7034321Z remote: Compressing objects:  80% (40/50)
2022-07-17T23:24:48.7034589Z remote: Compressing objects:  82% (41/50)
2022-07-17T23:24:48.7034861Z remote: Compressing objects:  84% (42/50)
2022-07-17T23:24:48.7035133Z remote: Compressing objects:  86% (43/50)
2022-07-17T23:24:48.7035391Z remote: Compressing objects:  88% (44/50)
2022-07-17T23:24:48.7035664Z remote: Compressing objects:  90% (45/50)
2022-07-17T23:24:48.7035934Z remote: Compressing objects:  92% (46/50)
2022-07-17T23:24:48.7036199Z remote: Compressing objects:  94% (47/50)
2022-07-17T23:24:48.7036573Z remote: Compressing objects:  96% (48/50)
2022-07-17T23:24:48.7036853Z remote: Compressing objects:  98% (49/50)
2022-07-17T23:24:48.7037116Z remote: Compressing objects: 100% (50/50)
2022-07-17T23:24:48.7037411Z remote: Compressing objects: 100% (50/50), done.
2022-07-17T23:24:48.7054116Z remote: Total 56 (delta 8), reused 40 (delta 4), pack-reused 0
2022-07-17T23:24:48.7228533Z From https://github.com/Edouard-chin/github_diff_parser
2022-07-17T23:24:48.7229117Z  * [new ref]         43de773efe178ed32aab19c56d3014021fed2b28 -> origin/ec-boom
2022-07-17T23:24:48.7247779Z ##[endgroup]
2022-07-17T23:24:48.7359987Z ##[group]Determining the checkout info
2022-07-17T23:24:48.7360422Z ##[endgroup]
2022-07-17T23:24:48.7360824Z ##[group]Checking out the ref
2022-07-17T23:24:48.7361452Z [command]/usr/bin/git checkout --progress --force -B ec-boom refs/remotes/origin/ec-boom
2022-07-17T23:24:48.7361863Z Switched to a new branch 'ec-boom'
2022-07-17T23:24:48.7362251Z branch 'ec-boom' set up to track 'origin/ec-boom'.
2022-07-17T23:24:48.7362671Z ##[endgroup]
2022-07-17T23:24:48.7391003Z [command]/usr/bin/git log -1 --format='%H'
2022-07-17T23:24:48.7419830Z '43de773efe178ed32aab19c56d3014021fed2b28'
2022-07-17T23:24:48.7757177Z ##[group]Run ruby/setup-ruby@473e4d8fe5dd94ee328fdfca9f8c9c7afc9dae5e
2022-07-17T23:24:48.7757498Z with:
2022-07-17T23:24:48.7757708Z   ruby-version: 2.7
2022-07-17T23:24:48.7757920Z   bundler-cache: true
2022-07-17T23:24:48.7758151Z   bundler: default
2022-07-17T23:24:48.7758379Z   working-directory: .
2022-07-17T23:24:48.7758641Z ##[endgroup]
2022-07-17T23:24:49.0103201Z ##[group]Downloading Ruby
2022-07-17T23:24:49.0104392Z https://github.com/ruby/ruby-builder/releases/download/toolcache/ruby-2.7.2-ubuntu-20.04.tar.gz
2022-07-17T23:24:49.2565370Z Took   0.25 seconds
2022-07-17T23:24:49.2566423Z ##[endgroup]
2022-07-17T23:24:49.2660140Z ##[group]Extracting Ruby
2022-07-17T23:24:49.2661502Z [command]/usr/bin/tar -xz -C /opt/hostedtoolcache/Ruby/2.7.2 -f /home/runner/work/_temp/4eb1cb28-7487-475c-a2db-e989c7ad9a57
2022-07-17T23:24:49.5970202Z Took   0.34 seconds
2022-07-17T23:24:49.5971513Z ##[endgroup]
2022-07-17T23:24:49.5972164Z ##[group]Installing Bundler
2022-07-17T23:24:49.5972772Z Using Bundler 2.2.32 from Gemfile.lock BUNDLED WITH 2.2.32
2022-07-17T23:24:49.5981711Z [command]/opt/hostedtoolcache/Ruby/2.7.2/x64/bin/gem install bundler -v ~> 2.2.32 --no-document
2022-07-17T23:24:50.0746877Z Successfully installed bundler-2.2.33
2022-07-17T23:24:50.1331728Z 1 gem installed
2022-07-17T23:24:50.1331962Z Took   0.48 seconds
2022-07-17T23:24:50.1332626Z ##[endgroup]
2022-07-17T23:24:50.1333060Z ##[group]bundle install
2022-07-17T23:24:50.1333974Z [command]/opt/hostedtoolcache/Ruby/2.7.2/x64/bin/bundle config --local path /home/runner/work/github_diff_parser/github_diff_parser/vendor/bundle
2022-07-17T23:24:50.2879715Z [command]/opt/hostedtoolcache/Ruby/2.7.2/x64/bin/bundle config --local deployment true
2022-07-17T23:24:50.4454874Z Cache key: setup-ruby-bundler-cache-v3-ubuntu-20.04-ruby-2.7.2-Gemfile.lock-7f16200d16756903c33d3bdf78e4fd90bb0e27ade056253c7622949b82c1eda7
2022-07-17T23:24:50.6092974Z [command]/opt/hostedtoolcache/Ruby/2.7.2/x64/bin/bundle install --jobs 4
2022-07-17T23:24:51.7236323Z Fetching gem metadata from https://rubygems.org/.........
2022-07-17T23:24:51.7358433Z Fetching rake 13.0.6
2022-07-17T23:24:51.7709463Z Installing rake 13.0.6
2022-07-17T23:24:51.8165279Z Using bundler 2.2.33
2022-07-17T23:24:51.8176890Z Fetching ast 2.4.2
2022-07-17T23:24:51.8177526Z Using github_diff_parser 0.1.0 from source at `.`
2022-07-17T23:24:51.8185659Z Fetching minitest 5.15.0
2022-07-17T23:24:51.8192557Z Fetching byebug 11.1.3
2022-07-17T23:24:51.8232514Z Fetching parallel 1.22.1
2022-07-17T23:24:51.8370302Z Installing parallel 1.22.1
2022-07-17T23:24:51.8475254Z Installing ast 2.4.2
2022-07-17T23:24:51.8508832Z Installing byebug 11.1.3 with native extensions
2022-07-17T23:24:51.8560147Z Installing minitest 5.15.0
2022-07-17T23:24:51.8658788Z Fetching rainbow 3.1.1
2022-07-17T23:24:51.9087342Z Installing rainbow 3.1.1
2022-07-17T23:24:51.9180048Z Fetching regexp_parser 2.3.0
2022-07-17T23:24:51.9219923Z Fetching rexml 3.2.5
2022-07-17T23:24:51.9335307Z Installing regexp_parser 2.3.0
2022-07-17T23:24:51.9419394Z Fetching ruby-progressbar 1.11.0
2022-07-17T23:24:51.9520701Z Installing rexml 3.2.5
2022-07-17T23:24:52.0042896Z Installing ruby-progressbar 1.11.0
2022-07-17T23:24:52.0784617Z Fetching unicode-display_width 2.1.0
2022-07-17T23:24:52.0800540Z Fetching parser 3.1.2.0
2022-07-17T23:24:52.1027801Z Installing unicode-display_width 2.1.0
2022-07-17T23:24:52.1537209Z Installing parser 3.1.2.0
2022-07-17T23:24:52.2670098Z Fetching rubocop-ast 1.17.0
2022-07-17T23:24:52.2812144Z Installing rubocop-ast 1.17.0
2022-07-17T23:24:52.3292779Z Fetching rubocop 1.27.0
2022-07-17T23:24:52.3856261Z Installing rubocop 1.27.0
2022-07-17T23:24:52.7563966Z Fetching rubocop-shopify 2.5.0
2022-07-17T23:24:52.7718825Z Installing rubocop-shopify 2.5.0
2022-07-17T23:24:53.6981399Z Bundle complete! 5 Gemfile dependencies, 16 gems now installed.
2022-07-17T23:24:53.6985904Z Bundled gems are installed into `./vendor/bundle`
2022-07-17T23:24:53.7729354Z Saving cache
2022-07-17T23:24:53.9641434Z [command]/usr/bin/tar --posix --use-compress-program zstd -T0 -cf cache.tzst -P -C /home/runner/work/github_diff_parser/github_diff_parser --files-from manifest.txt
2022-07-17T23:24:54.5148054Z Cache saved successfully
2022-07-17T23:24:54.5148874Z Took   4.44 seconds
2022-07-17T23:24:54.5150031Z ##[endgroup]
2022-07-17T23:24:54.5281765Z ##[group]Run bundle exec rake
2022-07-17T23:24:54.5282063Z bundle exec rake
2022-07-17T23:24:54.5341553Z shell: /usr/bin/bash -e {0}
2022-07-17T23:24:54.5341801Z ##[endgroup]
2022-07-17T23:24:55.0413594Z Run options: --seed 65000
2022-07-17T23:24:55.0414257Z
2022-07-17T23:24:55.0416579Z # Running:
2022-07-17T23:24:55.0416913Z
2022-07-17T23:24:55.0514228Z ..............F...F.F..........
2022-07-17T23:24:55.0516423Z
2022-07-17T23:24:55.0518438Z Finished in 0.015397s, 2013.4301 runs/s, 58649.2703 assertions/s.
2022-07-17T23:24:55.0519643Z
2022-07-17T23:24:55.0519858Z   1) Failure:
2022-07-17T23:24:55.0520404Z GithubDiffParserTest#test_boom1 [/home/runner/work/github_diff_parser/github_diff_parser/test/github_diff_parser_test.rb:7]:
2022-07-17T23:24:55.0520910Z Expected true to not be truthy.
2022-07-17T23:24:55.0521187Z
2022-07-17T23:24:55.0521393Z   2) Failure:
2022-07-17T23:24:55.0521977Z GithubDiffParserTest#test_boom3 [/home/runner/work/github_diff_parser/github_diff_parser/test/github_diff_parser_test.rb:15]:
2022-07-17T23:24:55.0522799Z Epic Fail!
2022-07-17T23:24:55.0524788Z
2022-07-17T23:24:55.0526923Z   3) Failure:
2022-07-17T23:24:55.0529199Z GithubDiffParserTest#test_boom2 [/home/runner/work/github_diff_parser/github_diff_parser/test/github_diff_parser_test.rb:11]:
2022-07-17T23:24:55.0529710Z Expected false to be truthy.
2022-07-17T23:24:55.0531164Z
2022-07-17T23:24:55.0531433Z 31 runs, 903 assertions, 3 failures, 0 errors, 0 skips
2022-07-17T23:24:55.0538193Z rake aborted!
2022-07-17T23:24:55.0538583Z Command failed with status (1)
2022-07-17T23:24:55.0567656Z /home/runner/work/github_diff_parser/github_diff_parser/vendor/bundle/ruby/2.7.0/gems/rake-13.0.6/exe/rake:27:in `<top (required)>'
2022-07-17T23:24:55.0568299Z /opt/hostedtoolcache/Ruby/2.7.2/x64/bin/bundle:23:in `load'
2022-07-17T23:24:55.0572892Z /opt/hostedtoolcache/Ruby/2.7.2/x64/bin/bundle:23:in `<main>'
2022-07-17T23:24:55.0578190Z Tasks: TOP => default => test
2022-07-17T23:24:55.0585322Z (See full trace by running task with --trace)
2022-07-17T23:24:55.0599911Z ##[error]Process completed with exit code 1.
2022-07-17T23:24:55.0656291Z Post job cleanup.
2022-07-17T23:24:55.1879520Z [command]/usr/bin/git version
2022-07-17T23:24:55.1929867Z git version 2.37.0
2022-07-17T23:24:55.1977166Z Temporarily overriding HOME='/home/runner/work/_temp/cccd48fe-f523-4733-9c08-ee0d4f8794c3' before making global git config changes
2022-07-17T23:24:55.1979277Z Adding repository directory to the temporary git global config as a safe directory
2022-07-17T23:24:55.1984429Z [command]/usr/bin/git config --global --add safe.directory /home/runner/work/github_diff_parser/github_diff_parser
2022-07-17T23:24:55.2025631Z [command]/usr/bin/git config --local --name-only --get-regexp core\.sshCommand
2022-07-17T23:24:55.2063221Z [command]/usr/bin/git submodule foreach --recursive git config --local --name-only --get-regexp 'core\.sshCommand' && git config --local --unset-all 'core.sshCommand' || :
2022-07-17T23:24:55.2297173Z [command]/usr/bin/git config --local --name-only --get-regexp http\.https\:\/\/github\.com\/\.extraheader
2022-07-17T23:24:55.2323968Z http.https://github.com/.extraheader
2022-07-17T23:24:55.2335212Z [command]/usr/bin/git config --local --unset-all http.https://github.com/.extraheader
2022-07-17T23:24:55.2373406Z [command]/usr/bin/git submodule foreach --recursive git config --local --name-only --get-regexp 'http\.https\:\/\/github\.com\/\.extraheader' && git config --local --unset-all 'http.https://github.com/.extraheader' || :
2022-07-17T23:24:55.2847161Z Cleaning up orphan processes
